// Jest Snapshot v1, https://goo.gl/fbAQLP

exports[`lib.client.parsers.fulfillment-inbound-shipment.list-inbound-shipments-response should parse the ListInboundShipments example response from MWS doc 1`] = `
{
  "listInboundShipmentsResult": {
    "nextToken": null,
    "shipmentData": [
      {
        "areCasesRequired": true,
        "boxContentsSource": null,
        "confirmedNeedByDate": null,
        "destinationFulfillmentCenterId": "YYZ1",
        "estimatedBoxContentsFee": null,
        "labelPrepType": "NO_LABEL",
        "shipFromAddress": {
          "addressLine1": "Address Line 1",
          "addressLine2": null,
          "city": "Vancouver",
          "countryCode": "CA",
          "districtOrCounty": null,
          "name": "jsowprni Devo CA20",
          "postalCode": "V5V 1A1",
          "stateOrProvinceCode": "BC",
        },
        "shipmentId": "FBAN4QNH",
        "shipmentName": "FBA (8/27/12 1:55 PM)",
        "shipmentStatus": "WORKING",
      },
      {
        "areCasesRequired": null,
        "boxContentsSource": "NONE",
        "confirmedNeedByDate": null,
        "destinationFulfillmentCenterId": "RIC2",
        "estimatedBoxContentsFee": {
          "feePerUnit": {
            "currencyCode": "USD",
            "value": 0.1,
          },
          "totalFee": {
            "currencyCode": "USD",
            "value": 10,
          },
          "totalUnits": 10,
        },
        "labelPrepType": "NO_LABEL",
        "shipFromAddress": {
          "addressLine1": "Address 1",
          "addressLine2": null,
          "city": "Vancouver",
          "countryCode": "CA",
          "districtOrCounty": null,
          "name": "Janani Arvind FBA QA",
          "postalCode": "V5V 1A1",
          "stateOrProvinceCode": "BC",
        },
        "shipmentId": "FBA1123",
        "shipmentName": "Test MWS CA Shipment 1",
        "shipmentStatus": "WORKING",
      },
    ],
  },
  "responseMetadata": {
    "requestId": null,
  },
}
`;
