// Jest Snapshot v1, https://goo.gl/fbAQLP

exports[`lib.client.parsers.fulfillment-inbound-shipment.list-inbound-shipment-items-response should parse the ListInboundShipmentItems example response from MWS doc 1`] = `
{
  "listInboundShipmentItemsResult": {
    "itemData": [
      {
        "fulfillmentNetworkSKU": "B000FADVPQ",
        "prepDetailsList": [],
        "quantityInCase": 0,
        "quantityReceived": 0,
        "quantityShipped": 3,
        "releaseDate": 2014-12-31T00:00:00.000Z,
        "sellerSKU": "SampleSKU1",
        "shipmentId": "SSF85DGIZZ3OF1",
      },
      {
        "fulfillmentNetworkSKU": "B0011VECH4",
        "prepDetailsList": [],
        "quantityInCase": 0,
        "quantityReceived": 0,
        "quantityShipped": 10,
        "releaseDate": null,
        "sellerSKU": "SampleSKU2",
        "shipmentId": "SSF85DGIZZ3OF1",
      },
    ],
    "nextToken": null,
  },
  "responseMetadata": {
    "requestId": "ffce8932-8e69-11df-8af1-5bf2881764d8",
  },
}
`;
