// Jest Snapshot v1, https://goo.gl/fbAQLP

exports[`lib.client.parsers.products.get-my-price-for-asin-response should parse GetMyPriceForASINResponse errors 1`] = `
{
  "getMyPriceForAsinResult": [
    {
      "asin": "1933890517",
      "error": {
        "code": "InvalidParameterValue",
        "detail": null,
        "message": "1933890517 is an invalid ASIN for marketplace ATVPDKIKX0DER",
        "type": "Sender",
      },
      "product": null,
      "status": "Success",
    },
  ],
  "responseMetadata": {
    "requestId": "a3381684-87bd-416e-9b95-EXAMPLE9c236",
  },
}
`;

exports[`lib.client.parsers.products.get-my-price-for-asin-response should parse the GetMyPriceForASINResponse example response from MWS doc 1`] = `
{
  "getMyPriceForAsinResult": [
    {
      "asin": "1933890517",
      "error": null,
      "product": {
        "attributes": null,
        "identifiers": {
          "marketplaceAsin": {
            "asin": "1933890517",
            "marketplaceId": "ATVPDKIKX0DER",
          },
          "skuIdentifier": null,
        },
        "offers": [
          {
            "buyingPrice": {
              "landedPrice": {
                "amount": 303.99,
                "currencyCode": "USD",
              },
              "listingPrice": {
                "amount": 300,
                "currencyCode": "USD",
              },
              "shipping": {
                "amount": 3.99,
                "currencyCode": "USD",
              },
            },
            "fulfillmentChannel": "MERCHANT",
            "itemCondition": "Used",
            "itemSubCondition": "Acceptable",
            "regularPrice": {
              "amount": 300,
              "currencyCode": "USD",
            },
            "sellerId": "A1IMEXAMPLEWRC",
            "sellerSku": "SKU2468",
          },
        ],
        "relationships": {
          "variationChildren": [],
          "variationParent": null,
        },
        "salesRankings": [],
      },
      "status": "Success",
    },
  ],
  "responseMetadata": {
    "requestId": "a3381684-87bd-416e-9b95-EXAMPLE9c236",
  },
}
`;
