// Jest Snapshot v1, https://goo.gl/fbAQLP

exports[`lib.client.parsers.products.get-matching-product-response should parse the GetMatchingProductResponse example response from MWS doc 1`] = `
Object {
  "getMatchingProductResults": Array [
    Object {
      "asin": "B002KT3XRQ",
      "product": Object {
        "attributes": Object {
          "binding": "Apparel",
          "brand": "Pearl iZUMi",
          "department": "mens",
          "features": Array [
            "Select transfer fabric sets the benchmark for moisture transfer and
                  four-way performance stretch",
            "6-Panel anatomic design for superior, chafe-free comfort, UPF 50+ sun
                  protection",
            "Comfortable silicone leg grippers keep shorts in place,
                  moisture-wicking, antimicrobial properties",
            "Tour 3D Chamois is male-specific and non-chafing with padding in
                  key areas",
            "86 percent nylon, 14% spandex, 9-Inch inseam",
          ],
          "itemDimensions": Object {
            "height": Object {
              "unit": "inches",
              "value": 2,
            },
            "length": Object {
              "unit": "inches",
              "value": 9,
            },
            "weight": null,
            "width": Object {
              "unit": "inches",
              "value": 9,
            },
          },
          "label": "Pearl iZUMi",
          "listPrice": Object {
            "amount": 50,
            "currencyCode": "USD",
          },
          "manufacturer": "Pearl iZUMi",
          "model": "0275",
          "packageDimensions": Object {
            "height": Object {
              "unit": "inches",
              "value": 2.8,
            },
            "length": Object {
              "unit": "inches",
              "value": 9.75,
            },
            "weight": Object {
              "unit": "pounds",
              "value": 0.4,
            },
            "width": Object {
              "unit": "inches",
              "value": 8.4,
            },
          },
          "packageQuantity": 1,
          "partNumber": "0275",
          "productGroup": "Apparel",
          "productTypeName": "SHORTS",
          "publisher": "Pearl iZUMi",
          "smallImage": Object {
            "height": Object {
              "unit": "pixels",
              "value": 75,
            },
            "url": "http://ecx.images-amazon.com/images/I/41ty3Sn%2BU8L._SL75_.jpg",
            "width": Object {
              "unit": "pixels",
              "value": 58,
            },
          },
          "studio": "Pearl iZUMi",
          "title": "Pearl iZUMi Men's Quest Cycling Short",
        },
        "identifiers": Object {
          "marketplaceAsin": Object {
            "asin": "B002KT3XRQ",
            "marketplaceId": "ATVPDKIKX0DER",
          },
          "skuIdentifier": null,
        },
        "offers": Array [],
        "relationships": Object {
          "variationChildren": Array [
            Object {
              "color": "Black",
              "identifiers": Object {
                "marketplaceAsin": Object {
                  "asin": "B002KT3XQC",
                  "marketplaceId": "ATVPDKIKX0DER",
                },
                "skuIdentifier": null,
              },
              "size": "Small",
            },
            Object {
              "color": "Black",
              "identifiers": Object {
                "marketplaceAsin": Object {
                  "asin": "B002KT3XQW",
                  "marketplaceId": "ATVPDKIKX0DER",
                },
                "skuIdentifier": null,
              },
              "size": "Medium",
            },
            Object {
              "color": "Black",
              "identifiers": Object {
                "marketplaceAsin": Object {
                  "asin": "B002KT3XQM",
                  "marketplaceId": "ATVPDKIKX0DER",
                },
                "skuIdentifier": null,
              },
              "size": "Large",
            },
            Object {
              "color": "Black",
              "identifiers": Object {
                "marketplaceAsin": Object {
                  "asin": "B002KT3XR6",
                  "marketplaceId": "ATVPDKIKX0DER",
                },
                "skuIdentifier": null,
              },
              "size": "X-Large",
            },
            Object {
              "color": "Black",
              "identifiers": Object {
                "marketplaceAsin": Object {
                  "asin": "B002KT3XRG",
                  "marketplaceId": "ATVPDKIKX0DER",
                },
                "skuIdentifier": null,
              },
              "size": "XX-Large",
            },
          ],
          "variationParent": null,
        },
        "salesRankings": Array [
          Object {
            "productCategoryId": "apparel_display_on_website",
            "rank": 159,
          },
          Object {
            "productCategoryId": "2420095011",
            "rank": 1,
          },
          Object {
            "productCategoryId": "2611189011",
            "rank": 4,
          },
        ],
      },
      "status": "Success",
    },
  ],
  "responseMetadata": Object {
    "requestId": "b12caada-d330-4d87-a789-EXAMPLE35872",
  },
}
`;
