// Jest Snapshot v1, https://goo.gl/fbAQLP

exports[`lib.client.parsers.products.get-my-price-for-sku-response should parse the GetMyPriceForSKUResponse example response from MWS doc 1`] = `
Object {
  "getMyPriceForSkuResult": Array [
    Object {
      "product": Object {
        "attributes": null,
        "identifiers": Object {
          "marketplaceAsin": Object {
            "asin": "1933890517",
            "marketplaceId": "ATVPDKIKX0DER",
          },
          "skuIdentifier": Object {
            "marketplaceId": "ATVPDKIKX0DER",
            "sellerId": "A1IMEXAMPLEWRC",
            "sellerSKU": "SKU2468",
          },
        },
        "offers": Array [
          Object {
            "buyingPrice": Object {
              "landedPrice": Object {
                "amount": 303.99,
                "currencyCode": "USD",
              },
              "listingPrice": Object {
                "amount": 300,
                "currencyCode": "USD",
              },
              "shipping": Object {
                "amount": 3.99,
                "currencyCode": "USD",
              },
            },
            "fulfillmentChannel": "MERCHANT",
            "itemCondition": "Used",
            "itemSubCondition": "Acceptable",
            "regularPrice": Object {
              "amount": 300,
              "currencyCode": "USD",
            },
            "sellerId": "A1IMEXAMPLEWRC",
            "sellerSku": "SKU2468",
          },
        ],
        "relationships": Object {
          "variationChildren": Array [],
          "variationParent": null,
        },
        "salesRankings": Array [],
      },
      "sellerSku": "SKU2468",
      "status": "Success",
    },
  ],
  "responseMetadata": Object {
    "requestId": "bc6e4601-3d74-4612-adcf-EXAMPLEf1796",
  },
}
`;
