// Jest Snapshot v1, https://goo.gl/fbAQLP

exports[`lib.client.models.finances should call ListFinancialEventsByNextToken 1`] = `
{
  "financialEvents": {
    "adjustmentEventList": [
      {
        "adjustmentAmount": {
          "currencyAmount": 100,
          "currencyCode": "String",
        },
        "adjustmentItemList": [
          {
            "asin": "String",
            "fnSKU": "String",
            "perUnitAmount": {
              "currencyAmount": 100,
              "currencyCode": "String",
            },
            "productDescription": "String",
            "quantity": 10,
            "sellerSKU": "String",
            "totalAmount": {
              "currencyAmount": 100,
              "currencyCode": "String",
            },
          },
        ],
        "adjustmentType": "String",
        "postedDate": 1969-07-21T02:56:03.000Z,
      },
    ],
    "affordabilityExpenseEventList": [],
    "affordabilityExpenseReversalEventList": [],
    "chargebackEventList": [
      {
        "amazonOrderId": "String",
        "directPaymentList": [
          {
            "directPaymentAmount": {
              "currencyAmount": 100,
              "currencyCode": "String",
            },
            "directPaymentType": "String",
          },
        ],
        "marketplaceName": "String",
        "orderChargeAdjustmentList": [
          {
            "chargeAmount": {
              "currencyAmount": 100,
              "currencyCode": "String",
            },
            "chargeType": "String",
          },
        ],
        "orderChargeList": [
          {
            "chargeAmount": {
              "currencyAmount": 100,
              "currencyCode": "String",
            },
            "chargeType": "String",
          },
        ],
        "orderFeeAdjustmentList": [
          {
            "feeAmount": {
              "currencyAmount": 100,
              "currencyCode": "String",
            },
            "feeType": "String",
          },
        ],
        "orderFeeList": [
          {
            "feeAmount": {
              "currencyAmount": 100,
              "currencyCode": "String",
            },
            "feeType": "String",
          },
        ],
        "postedDate": 1969-07-21T02:56:03.000Z,
        "sellerOrderId": "String",
        "shipmentFeeAdjustmentList": [
          {
            "feeAmount": {
              "currencyAmount": 100,
              "currencyCode": "String",
            },
            "feeType": "String",
          },
        ],
        "shipmentFeeList": [
          {
            "feeAmount": {
              "currencyAmount": 100,
              "currencyCode": "String",
            },
            "feeType": "String",
          },
        ],
        "shipmentItemAdjustmentList": [
          {
            "costOfPointsGranted": {
              "currencyAmount": 100,
              "currencyCode": "String",
            },
            "costOfPointsReturned": {
              "currencyAmount": 100,
              "currencyCode": "String",
            },
            "itemChargeAdjustmentList": [
              {
                "chargeAmount": {
                  "currencyAmount": 100,
                  "currencyCode": "String",
                },
                "chargeType": "String",
              },
            ],
            "itemChargeList": [
              {
                "chargeAmount": {
                  "currencyAmount": 100,
                  "currencyCode": "String",
                },
                "chargeType": "String",
              },
            ],
            "itemFeeAdjustmentList": [
              {
                "feeAmount": {
                  "currencyAmount": 100,
                  "currencyCode": "String",
                },
                "feeType": "String",
              },
            ],
            "itemFeeList": [
              {
                "feeAmount": {
                  "currencyAmount": 100,
                  "currencyCode": "String",
                },
                "feeType": "String",
              },
            ],
            "itemTaxWithheldList": [
              {
                "taxCollectionModel": "String",
                "taxesWithheld": [
                  {
                    "chargeAmount": {
                      "currencyAmount": 100,
                      "currencyCode": "String",
                    },
                    "chargeType": "String",
                  },
                ],
              },
            ],
            "orderAdjustmentItemId": "String",
            "orderItemId": "String",
            "promotionAdjustmentList": [
              {
                "promotionAmount": {
                  "currencyAmount": 100,
                  "currencyCode": "String",
                },
                "promotionId": "String",
                "promotionType": "String",
              },
            ],
            "promotionList": [
              {
                "promotionAmount": {
                  "currencyAmount": 100,
                  "currencyCode": "String",
                },
                "promotionId": "String",
                "promotionType": "String",
              },
            ],
            "quantityShipped": 1,
            "sellerSKU": "String",
          },
        ],
        "shipmentItemList": [
          {
            "costOfPointsGranted": {
              "currencyAmount": 100,
              "currencyCode": "String",
            },
            "costOfPointsReturned": {
              "currencyAmount": 100,
              "currencyCode": "String",
            },
            "itemChargeAdjustmentList": [
              {
                "chargeAmount": {
                  "currencyAmount": 100,
                  "currencyCode": "String",
                },
                "chargeType": "String",
              },
            ],
            "itemChargeList": [
              {
                "chargeAmount": {
                  "currencyAmount": 100,
                  "currencyCode": "String",
                },
                "chargeType": "String",
              },
            ],
            "itemFeeAdjustmentList": [
              {
                "feeAmount": {
                  "currencyAmount": 100,
                  "currencyCode": "String",
                },
                "feeType": "String",
              },
            ],
            "itemFeeList": [
              {
                "feeAmount": {
                  "currencyAmount": 100,
                  "currencyCode": "String",
                },
                "feeType": "String",
              },
            ],
            "itemTaxWithheldList": [
              {
                "taxCollectionModel": "String",
                "taxesWithheld": [
                  {
                    "chargeAmount": {
                      "currencyAmount": 100,
                      "currencyCode": "String",
                    },
                    "chargeType": "String",
                  },
                ],
              },
            ],
            "orderAdjustmentItemId": "String",
            "orderItemId": "String",
            "promotionAdjustmentList": [
              {
                "promotionAmount": {
                  "currencyAmount": 100,
                  "currencyCode": "String",
                },
                "promotionId": "String",
                "promotionType": "String",
              },
            ],
            "promotionList": [
              {
                "promotionAmount": {
                  "currencyAmount": 100,
                  "currencyCode": "String",
                },
                "promotionId": "String",
                "promotionType": "String",
              },
            ],
            "quantityShipped": 1,
            "sellerSKU": "String",
          },
        ],
      },
    ],
    "couponPaymentEventList": [
      {
        "chargeComponent": {
          "chargeAmount": {
            "currencyAmount": 100,
            "currencyCode": "String",
          },
          "chargeType": "String",
        },
        "clipOrRedemptionCount": 1,
        "couponId": "String",
        "feeComponent": {
          "feeAmount": {
            "currencyAmount": 100,
            "currencyCode": "String",
          },
          "feeType": "String",
        },
        "paymentEventId": "String",
        "postedDate": 1969-07-21T02:56:03.000Z,
        "sellerCouponDescription": "String",
        "totalAmount": {
          "currencyAmount": 100,
          "currencyCode": "String",
        },
      },
    ],
    "debtRecoveryEventList": [
      {
        "chargeInstrumentList": [
          {
            "amount": {
              "currencyAmount": 100,
              "currencyCode": "String",
            },
            "description": "String",
            "tail": "String",
          },
        ],
        "debtRecoveryItemList": [
          {
            "groupBeginDate": 1969-07-21T02:56:03.000Z,
            "groupEndDate": 1969-07-21T02:56:03.000Z,
            "originalAmount": {
              "currencyAmount": 100,
              "currencyCode": "String",
            },
            "recoveryAmount": {
              "currencyAmount": 100,
              "currencyCode": "String",
            },
          },
        ],
        "debtRecoveryType": "String",
        "overPaymentCredit": {
          "currencyAmount": 100,
          "currencyCode": "String",
        },
        "recoveryAmount": {
          "currencyAmount": 100,
          "currencyCode": "String",
        },
      },
    ],
    "fbaLiquidationEventList": [
      {
        "liquidationFeeAmount": {
          "currencyAmount": 100,
          "currencyCode": "String",
        },
        "liquidationProceedsAmount": {
          "currencyAmount": 100,
          "currencyCode": "String",
        },
        "originalRemovalOrderId": "String",
        "postedDate": 1969-07-21T02:56:03.000Z,
      },
    ],
    "guaranteeClaimEventList": [
      {
        "amazonOrderId": "String",
        "directPaymentList": [
          {
            "directPaymentAmount": {
              "currencyAmount": 100,
              "currencyCode": "String",
            },
            "directPaymentType": "String",
          },
        ],
        "marketplaceName": "String",
        "orderChargeAdjustmentList": [
          {
            "chargeAmount": {
              "currencyAmount": 100,
              "currencyCode": "String",
            },
            "chargeType": "String",
          },
        ],
        "orderChargeList": [
          {
            "chargeAmount": {
              "currencyAmount": 100,
              "currencyCode": "String",
            },
            "chargeType": "String",
          },
        ],
        "orderFeeAdjustmentList": [
          {
            "feeAmount": {
              "currencyAmount": 100,
              "currencyCode": "String",
            },
            "feeType": "String",
          },
        ],
        "orderFeeList": [
          {
            "feeAmount": {
              "currencyAmount": 100,
              "currencyCode": "String",
            },
            "feeType": "String",
          },
        ],
        "postedDate": 1969-07-21T02:56:03.000Z,
        "sellerOrderId": "String",
        "shipmentFeeAdjustmentList": [
          {
            "feeAmount": {
              "currencyAmount": 100,
              "currencyCode": "String",
            },
            "feeType": "String",
          },
        ],
        "shipmentFeeList": [
          {
            "feeAmount": {
              "currencyAmount": 100,
              "currencyCode": "String",
            },
            "feeType": "String",
          },
        ],
        "shipmentItemAdjustmentList": [
          {
            "costOfPointsGranted": {
              "currencyAmount": 100,
              "currencyCode": "String",
            },
            "costOfPointsReturned": {
              "currencyAmount": 100,
              "currencyCode": "String",
            },
            "itemChargeAdjustmentList": [
              {
                "chargeAmount": {
                  "currencyAmount": 100,
                  "currencyCode": "String",
                },
                "chargeType": "String",
              },
            ],
            "itemChargeList": [
              {
                "chargeAmount": {
                  "currencyAmount": 100,
                  "currencyCode": "String",
                },
                "chargeType": "String",
              },
            ],
            "itemFeeAdjustmentList": [
              {
                "feeAmount": {
                  "currencyAmount": 100,
                  "currencyCode": "String",
                },
                "feeType": "String",
              },
            ],
            "itemFeeList": [
              {
                "feeAmount": {
                  "currencyAmount": 100,
                  "currencyCode": "String",
                },
                "feeType": "String",
              },
            ],
            "itemTaxWithheldList": [
              {
                "taxCollectionModel": "String",
                "taxesWithheld": [
                  {
                    "chargeAmount": {
                      "currencyAmount": 100,
                      "currencyCode": "String",
                    },
                    "chargeType": "String",
                  },
                ],
              },
            ],
            "orderAdjustmentItemId": "String",
            "orderItemId": "String",
            "promotionAdjustmentList": [
              {
                "promotionAmount": {
                  "currencyAmount": 100,
                  "currencyCode": "String",
                },
                "promotionId": "String",
                "promotionType": "String",
              },
            ],
            "promotionList": [
              {
                "promotionAmount": {
                  "currencyAmount": 100,
                  "currencyCode": "String",
                },
                "promotionId": "String",
                "promotionType": "String",
              },
            ],
            "quantityShipped": 1,
            "sellerSKU": "String",
          },
        ],
        "shipmentItemList": [
          {
            "costOfPointsGranted": {
              "currencyAmount": 100,
              "currencyCode": "String",
            },
            "costOfPointsReturned": {
              "currencyAmount": 100,
              "currencyCode": "String",
            },
            "itemChargeAdjustmentList": [
              {
                "chargeAmount": {
                  "currencyAmount": 100,
                  "currencyCode": "String",
                },
                "chargeType": "String",
              },
            ],
            "itemChargeList": [
              {
                "chargeAmount": {
                  "currencyAmount": 100,
                  "currencyCode": "String",
                },
                "chargeType": "String",
              },
            ],
            "itemFeeAdjustmentList": [
              {
                "feeAmount": {
                  "currencyAmount": 100,
                  "currencyCode": "String",
                },
                "feeType": "String",
              },
            ],
            "itemFeeList": [
              {
                "feeAmount": {
                  "currencyAmount": 100,
                  "currencyCode": "String",
                },
                "feeType": "String",
              },
            ],
            "itemTaxWithheldList": [
              {
                "taxCollectionModel": "String",
                "taxesWithheld": [
                  {
                    "chargeAmount": {
                      "currencyAmount": 100,
                      "currencyCode": "String",
                    },
                    "chargeType": "String",
                  },
                ],
              },
            ],
            "orderAdjustmentItemId": "String",
            "orderItemId": "String",
            "promotionAdjustmentList": [
              {
                "promotionAmount": {
                  "currencyAmount": 100,
                  "currencyCode": "String",
                },
                "promotionId": "String",
                "promotionType": "String",
              },
            ],
            "promotionList": [
              {
                "promotionAmount": {
                  "currencyAmount": 100,
                  "currencyCode": "String",
                },
                "promotionId": "String",
                "promotionType": "String",
              },
            ],
            "quantityShipped": 1,
            "sellerSKU": "String",
          },
        ],
      },
    ],
    "imagingServicesFeeEventList": [
      {
        "asin": "String",
        "feeList": [
          {
            "feeAmount": {
              "currencyAmount": 100,
              "currencyCode": "String",
            },
            "feeType": "String",
          },
        ],
        "imagingRequestBillingItemId": "String",
        "postedDate": 1969-07-21T02:56:03.000Z,
      },
    ],
    "loanServicingEventList": [
      {
        "loanAmount": {
          "currencyAmount": 100,
          "currencyCode": "String",
        },
        "sourceBusinessEventType": "String",
      },
    ],
    "networkComminglingTransactionEventList": [
      {
        "asin": "String",
        "marketplaceId": "String",
        "netCoTransactionId": "String",
        "postedDate": 1969-07-21T02:56:03.000Z,
        "swapReason": "String",
        "taxAmount": {
          "currencyAmount": 100,
          "currencyCode": "String",
        },
        "taxExclusiveAmount": {
          "currencyAmount": 100,
          "currencyCode": "String",
        },
        "transactionType": "String",
      },
    ],
    "payWithAmazonEventList": [
      {
        "amountDescription": "String",
        "businessObjectType": "String",
        "charge": {
          "chargeAmount": {
            "currencyAmount": 100,
            "currencyCode": "String",
          },
          "chargeType": "String",
        },
        "feeList": [
          {
            "feeAmount": {
              "currencyAmount": 100,
              "currencyCode": "String",
            },
            "feeType": "String",
          },
        ],
        "fulfillmentChannel": "String",
        "paymentAmountType": "String",
        "salesChannel": "String",
        "sellerOrderId": "String",
        "storeName": "String",
        "transactionPostedDate": 1969-07-21T02:56:03.000Z,
      },
    ],
    "performanceBondRefundEventList": [
      {
        "amount": {
          "currencyAmount": 100,
          "currencyCode": "String",
        },
        "marketplaceCountryCode": "String",
        "productGroupList": [
          "String",
        ],
      },
    ],
    "productAdsPaymentEventList": [
      {
        "baseValue": {
          "currencyAmount": 100,
          "currencyCode": "String",
        },
        "invoiceId": "String",
        "postedDate": 1969-07-21T02:56:03.000Z,
        "taxValue": {
          "currencyAmount": 100,
          "currencyCode": "String",
        },
        "transactionType": "String",
        "transactionValue": {
          "currencyAmount": 100,
          "currencyCode": "String",
        },
      },
    ],
    "refundEventList": [
      {
        "amazonOrderId": "String",
        "directPaymentList": [
          {
            "directPaymentAmount": {
              "currencyAmount": 100,
              "currencyCode": "String",
            },
            "directPaymentType": "String",
          },
        ],
        "marketplaceName": "String",
        "orderChargeAdjustmentList": [
          {
            "chargeAmount": {
              "currencyAmount": 100,
              "currencyCode": "String",
            },
            "chargeType": "String",
          },
        ],
        "orderChargeList": [
          {
            "chargeAmount": {
              "currencyAmount": 100,
              "currencyCode": "String",
            },
            "chargeType": "String",
          },
        ],
        "orderFeeAdjustmentList": [
          {
            "feeAmount": {
              "currencyAmount": 100,
              "currencyCode": "String",
            },
            "feeType": "String",
          },
        ],
        "orderFeeList": [
          {
            "feeAmount": {
              "currencyAmount": 100,
              "currencyCode": "String",
            },
            "feeType": "String",
          },
        ],
        "postedDate": 1969-07-21T02:56:03.000Z,
        "sellerOrderId": "String",
        "shipmentFeeAdjustmentList": [
          {
            "feeAmount": {
              "currencyAmount": 100,
              "currencyCode": "String",
            },
            "feeType": "String",
          },
        ],
        "shipmentFeeList": [
          {
            "feeAmount": {
              "currencyAmount": 100,
              "currencyCode": "String",
            },
            "feeType": "String",
          },
        ],
        "shipmentItemAdjustmentList": [
          {
            "costOfPointsGranted": {
              "currencyAmount": 100,
              "currencyCode": "String",
            },
            "costOfPointsReturned": {
              "currencyAmount": 100,
              "currencyCode": "String",
            },
            "itemChargeAdjustmentList": [
              {
                "chargeAmount": {
                  "currencyAmount": 100,
                  "currencyCode": "String",
                },
                "chargeType": "String",
              },
            ],
            "itemChargeList": [
              {
                "chargeAmount": {
                  "currencyAmount": 100,
                  "currencyCode": "String",
                },
                "chargeType": "String",
              },
            ],
            "itemFeeAdjustmentList": [
              {
                "feeAmount": {
                  "currencyAmount": 100,
                  "currencyCode": "String",
                },
                "feeType": "String",
              },
            ],
            "itemFeeList": [
              {
                "feeAmount": {
                  "currencyAmount": 100,
                  "currencyCode": "String",
                },
                "feeType": "String",
              },
            ],
            "itemTaxWithheldList": [
              {
                "taxCollectionModel": "String",
                "taxesWithheld": [
                  {
                    "chargeAmount": {
                      "currencyAmount": 100,
                      "currencyCode": "String",
                    },
                    "chargeType": "String",
                  },
                ],
              },
            ],
            "orderAdjustmentItemId": "String",
            "orderItemId": "String",
            "promotionAdjustmentList": [
              {
                "promotionAmount": {
                  "currencyAmount": 100,
                  "currencyCode": "String",
                },
                "promotionId": "String",
                "promotionType": "String",
              },
            ],
            "promotionList": [
              {
                "promotionAmount": {
                  "currencyAmount": 100,
                  "currencyCode": "String",
                },
                "promotionId": "String",
                "promotionType": "String",
              },
            ],
            "quantityShipped": 1,
            "sellerSKU": "String",
          },
        ],
        "shipmentItemList": [
          {
            "costOfPointsGranted": {
              "currencyAmount": 100,
              "currencyCode": "String",
            },
            "costOfPointsReturned": {
              "currencyAmount": 100,
              "currencyCode": "String",
            },
            "itemChargeAdjustmentList": [
              {
                "chargeAmount": {
                  "currencyAmount": 100,
                  "currencyCode": "String",
                },
                "chargeType": "String",
              },
            ],
            "itemChargeList": [
              {
                "chargeAmount": {
                  "currencyAmount": 100,
                  "currencyCode": "String",
                },
                "chargeType": "String",
              },
            ],
            "itemFeeAdjustmentList": [
              {
                "feeAmount": {
                  "currencyAmount": 100,
                  "currencyCode": "String",
                },
                "feeType": "String",
              },
            ],
            "itemFeeList": [
              {
                "feeAmount": {
                  "currencyAmount": 100,
                  "currencyCode": "String",
                },
                "feeType": "String",
              },
            ],
            "itemTaxWithheldList": [
              {
                "taxCollectionModel": "String",
                "taxesWithheld": [
                  {
                    "chargeAmount": {
                      "currencyAmount": 100,
                      "currencyCode": "String",
                    },
                    "chargeType": "String",
                  },
                ],
              },
            ],
            "orderAdjustmentItemId": "String",
            "orderItemId": "String",
            "promotionAdjustmentList": [
              {
                "promotionAmount": {
                  "currencyAmount": 100,
                  "currencyCode": "String",
                },
                "promotionId": "String",
                "promotionType": "String",
              },
            ],
            "promotionList": [
              {
                "promotionAmount": {
                  "currencyAmount": 100,
                  "currencyCode": "String",
                },
                "promotionId": "String",
                "promotionType": "String",
              },
            ],
            "quantityShipped": 1,
            "sellerSKU": "String",
          },
        ],
      },
    ],
    "rentalTransactionEventList": [
      {
        "amazonOrderId": "String",
        "extensionLength": 1,
        "marketplaceName": "String",
        "postedDate": 1969-07-21T02:56:03.000Z,
        "rentalChargeList": [
          {
            "chargeAmount": {
              "currencyAmount": 100,
              "currencyCode": "String",
            },
            "chargeType": "String",
          },
        ],
        "rentalEventType": "String",
        "rentalFeeList": [
          {
            "feeAmount": {
              "currencyAmount": 100,
              "currencyCode": "String",
            },
            "feeType": "String",
          },
        ],
        "rentalInitialValue": {
          "currencyAmount": 100,
          "currencyCode": "String",
        },
        "rentalReimbursement": {
          "currencyAmount": 100,
          "currencyCode": "String",
        },
        "rentalTaxWithheldList": [
          {
            "taxCollectionModel": "String",
            "taxesWithheld": [
              {
                "chargeAmount": {
                  "currencyAmount": 100,
                  "currencyCode": "String",
                },
                "chargeType": "String",
              },
            ],
          },
        ],
      },
    ],
    "retrochargeEventList": [
      {
        "amazonOrderId": "String",
        "baseTax": {
          "currencyAmount": 100,
          "currencyCode": "String",
        },
        "marketplaceName": "String",
        "postedDate": 1969-07-21T02:56:03.000Z,
        "retrochargeEventType": "String",
        "retrochargeTaxWithheldComponentList": [],
        "shippingTax": {
          "currencyAmount": 100,
          "currencyCode": "String",
        },
      },
    ],
    "safeTReimbursementEventList": [
      {
        "postedDate": 1969-07-21T02:56:03.000Z,
        "reimbursedAmount": {
          "currencyAmount": 100,
          "currencyCode": "String",
        },
        "safeTClaimId": "String",
        "safeTReimbursementItemList": [
          {
            "itemChargeList": [
              {
                "chargeAmount": {
                  "currencyAmount": 100,
                  "currencyCode": "String",
                },
                "chargeType": "String",
              },
            ],
            "productDescription": "String",
            "quantity": 10,
          },
        ],
      },
    ],
    "sellerDealPaymentEventList": [
      {
        "dealDescription": "String",
        "dealId": "String",
        "eventType": "String",
        "feeAmount": {
          "currencyAmount": 100,
          "currencyCode": "String",
        },
        "feeType": "String",
        "postedDate": 1969-07-21T02:56:03.000Z,
        "taxAmount": {
          "currencyAmount": 100,
          "currencyCode": "String",
        },
        "totalAmount": {
          "currencyAmount": 100,
          "currencyCode": "String",
        },
      },
    ],
    "sellerReviewEnrollmentPaymentEventList": [
      {
        "chargeComponent": {
          "chargeAmount": {
            "currencyAmount": 100,
            "currencyCode": "String",
          },
          "chargeType": "String",
        },
        "enrollmentId": "String",
        "feeComponent": {
          "feeAmount": {
            "currencyAmount": 100,
            "currencyCode": "String",
          },
          "feeType": "String",
        },
        "parentASIN": "String",
        "postedDate": 1969-07-21T02:56:03.000Z,
        "totalAmount": {
          "currencyAmount": 100,
          "currencyCode": "String",
        },
      },
    ],
    "serviceFeeEventList": [
      {
        "amazonOrderId": "String",
        "asin": "String",
        "feeDescription": "String",
        "feeList": [
          {
            "feeAmount": {
              "currencyAmount": 100,
              "currencyCode": "String",
            },
            "feeType": "String",
          },
        ],
        "feeReason": "String",
        "fnSKU": "String",
        "sellerSKU": "String",
      },
    ],
    "serviceProviderCreditEventList": [
      {
        "marketplaceCountryCode": "String",
        "marketplaceId": "String",
        "postedDate": "1969-07-21T02:56:03Z",
        "providerId": "String",
        "providerStoreName": "String",
        "providerTransactionType": "String",
        "sellerId": "String",
        "sellerOrderId": "String",
        "sellerStoreName": "String",
        "transactionAmount": {
          "currencyAmount": 100,
          "currencyCode": "String",
        },
      },
    ],
    "shipmentEventList": [
      {
        "amazonOrderId": "String",
        "directPaymentList": [
          {
            "directPaymentAmount": {
              "currencyAmount": 100,
              "currencyCode": "String",
            },
            "directPaymentType": "String",
          },
        ],
        "marketplaceName": "String",
        "orderChargeAdjustmentList": [
          {
            "chargeAmount": {
              "currencyAmount": 100,
              "currencyCode": "String",
            },
            "chargeType": "String",
          },
        ],
        "orderChargeList": [
          {
            "chargeAmount": {
              "currencyAmount": 100,
              "currencyCode": "String",
            },
            "chargeType": "String",
          },
        ],
        "orderFeeAdjustmentList": [
          {
            "feeAmount": {
              "currencyAmount": 100,
              "currencyCode": "String",
            },
            "feeType": "String",
          },
        ],
        "orderFeeList": [
          {
            "feeAmount": {
              "currencyAmount": 100,
              "currencyCode": "String",
            },
            "feeType": "String",
          },
        ],
        "postedDate": 1969-07-21T02:56:03.000Z,
        "sellerOrderId": "String",
        "shipmentFeeAdjustmentList": [
          {
            "feeAmount": {
              "currencyAmount": 100,
              "currencyCode": "String",
            },
            "feeType": "String",
          },
        ],
        "shipmentFeeList": [
          {
            "feeAmount": {
              "currencyAmount": 100,
              "currencyCode": "String",
            },
            "feeType": "String",
          },
        ],
        "shipmentItemAdjustmentList": [
          {
            "costOfPointsGranted": {
              "currencyAmount": 100,
              "currencyCode": "String",
            },
            "costOfPointsReturned": {
              "currencyAmount": 100,
              "currencyCode": "String",
            },
            "itemChargeAdjustmentList": [
              {
                "chargeAmount": {
                  "currencyAmount": 100,
                  "currencyCode": "String",
                },
                "chargeType": "String",
              },
            ],
            "itemChargeList": [
              {
                "chargeAmount": {
                  "currencyAmount": 100,
                  "currencyCode": "String",
                },
                "chargeType": "String",
              },
            ],
            "itemFeeAdjustmentList": [
              {
                "feeAmount": {
                  "currencyAmount": 100,
                  "currencyCode": "String",
                },
                "feeType": "String",
              },
            ],
            "itemFeeList": [
              {
                "feeAmount": {
                  "currencyAmount": 100,
                  "currencyCode": "String",
                },
                "feeType": "String",
              },
            ],
            "itemTaxWithheldList": [
              {
                "taxCollectionModel": "String",
                "taxesWithheld": [
                  {
                    "chargeAmount": {
                      "currencyAmount": 100,
                      "currencyCode": "String",
                    },
                    "chargeType": "String",
                  },
                ],
              },
            ],
            "orderAdjustmentItemId": "String",
            "orderItemId": "String",
            "promotionAdjustmentList": [
              {
                "promotionAmount": {
                  "currencyAmount": 100,
                  "currencyCode": "String",
                },
                "promotionId": "String",
                "promotionType": "String",
              },
            ],
            "promotionList": [
              {
                "promotionAmount": {
                  "currencyAmount": 100,
                  "currencyCode": "String",
                },
                "promotionId": "String",
                "promotionType": "String",
              },
            ],
            "quantityShipped": 1,
            "sellerSKU": "String",
          },
        ],
        "shipmentItemList": [
          {
            "costOfPointsGranted": {
              "currencyAmount": 100,
              "currencyCode": "String",
            },
            "costOfPointsReturned": {
              "currencyAmount": 100,
              "currencyCode": "String",
            },
            "itemChargeAdjustmentList": [
              {
                "chargeAmount": {
                  "currencyAmount": 100,
                  "currencyCode": "String",
                },
                "chargeType": "String",
              },
            ],
            "itemChargeList": [
              {
                "chargeAmount": {
                  "currencyAmount": 100,
                  "currencyCode": "String",
                },
                "chargeType": "String",
              },
            ],
            "itemFeeAdjustmentList": [
              {
                "feeAmount": {
                  "currencyAmount": 100,
                  "currencyCode": "String",
                },
                "feeType": "String",
              },
            ],
            "itemFeeList": [
              {
                "feeAmount": {
                  "currencyAmount": 100,
                  "currencyCode": "String",
                },
                "feeType": "String",
              },
            ],
            "itemTaxWithheldList": [
              {
                "taxCollectionModel": "String",
                "taxesWithheld": [
                  {
                    "chargeAmount": {
                      "currencyAmount": 100,
                      "currencyCode": "String",
                    },
                    "chargeType": "String",
                  },
                ],
              },
            ],
            "orderAdjustmentItemId": "String",
            "orderItemId": "String",
            "promotionAdjustmentList": [
              {
                "promotionAmount": {
                  "currencyAmount": 100,
                  "currencyCode": "String",
                },
                "promotionId": "String",
                "promotionType": "String",
              },
            ],
            "promotionList": [
              {
                "promotionAmount": {
                  "currencyAmount": 100,
                  "currencyCode": "String",
                },
                "promotionId": "String",
                "promotionType": "String",
              },
            ],
            "quantityShipped": 1,
            "sellerSKU": "String",
          },
        ],
      },
    ],
    "taxWithholdingEventList": [],
    "tdsReimbursementEventList": [
      {
        "postedDate": 1969-07-21T02:56:03.000Z,
        "reimbursedAmount": {
          "currencyAmount": 100,
          "currencyCode": "String",
        },
        "tdsOrderId": "String",
      },
    ],
  },
  "nextToken": "String",
}
`;
