// Jest Snapshot v1, https://goo.gl/fbAQLP

exports[`lib.client.models.reports should call GetReport and return a parsed CSV 1`] = `
[
  [
    "asin,title",
  ],
  [
    "A1,cool product",
  ],
  [
    "A2,other product",
  ],
]
`;

exports[`lib.client.models.reports should call RequestReport 1`] = `
{
  "completedDate": null,
  "endDate": 2009-02-13T02:10:39.000Z,
  "generatedReportId": null,
  "reportProcessingStatus": "_SUBMITTED_",
  "reportRequestId": "2291326454",
  "reportType": "_GET_MERCHANT_LISTINGS_DATA_",
  "scheduled": false,
  "startDate": 2009-01-21T02:10:39.000Z,
  "startedProcessingDate": null,
  "submittedDate": 2009-02-20T02:10:39.000Z,
}
`;
