// Jest Snapshot v1, https://goo.gl/fbAQLP

exports[`lib.client.parsers.base.get-service-status-response should parse the GetServiceStatusResponse example response from MWS doc 1`] = `
{
  "getServiceStatusResult": {
    "status": "GREEN",
    "timestamp": 2010-09-24T21:38:09.676Z,
  },
  "responseMetadata": {
    "requestId": null,
  },
}
`;
